========================================
CERBERUS — PHASE 0 ENVIRONMENT EVIDENCE
========================================

Date:
2026-08-22T00:59:37+05:30

Git HEAD:
0462558b3b4610173587729a90cb64f006a3c2f3

Tracked working tree:
CLEAN

Untracked files:
?? decisions/

Node:
v24.13.1

pnpm:
11.22.0

Bash:
GNU bash, version 5.2.37(1)-release (x86_64-redhat-linux-gnu)

curl:
curl 8.11.1 (x86_64-redhat-linux-gnu) libcurl/8.11.1 OpenSSL/3.2.6 zlib/1.3.1.zlib-ng brotli/1.2.0 libidn2/2.3.8 libpsl/0.21.5 libssh/0.11.4/openssl/zlib nghttp2/1.64.0 OpenLDAP/2.6.10

PostgreSQL client:
psql (PostgreSQL) 16.13

tmux:
tmux 3.5a
