# npm run build --prefix apps/dashboard
# started 2026-08-19T18:03:41.571Z
# ------------------------------------------------------------------------
npm warn Unknown env config "store-dir". This will stop working in the next major version of npm.

> @safr/dashboard@0.1.0 build
> next build

   ▲ Next.js 15.5.23

   Creating an optimized production build ...
 ✓ Compiled successfully in 1671ms
   Linting and checking validity of types ...
   Collecting page data ...
   Generating static pages (0/5) ...
   Generating static pages (1/5) 
   Generating static pages (2/5) 
   Generating static pages (3/5) 
 ✓ Generating static pages (5/5)
   Finalizing page optimization ...
   Collecting build traces ...

Route (app)                                  Size  First Load JS
┌ ƒ /                                     3.18 kB         109 kB
├ ○ /_not-found                             996 B         104 kB
├ ƒ /agent                                  135 B         103 kB
├ ƒ /api/escalations                        135 B         103 kB
├ ƒ /api/escalations/[actionId]/decision    135 B         103 kB
├ ƒ /api/runtime/[...path]                  135 B         103 kB
├ ƒ /audit/[auditId]                        161 B         106 kB
├ ○ /escalations                          2.19 kB         105 kB
└ ƒ /mandate                                135 B         103 kB
+ First Load JS shared by all              103 kB
  ├ chunks/423-98e328a6e4ecbda8.js        46.5 kB
  ├ chunks/e0f52bf3-710053caa631ef92.js   54.2 kB
  └ other shared chunks (total)           1.92 kB


ƒ Middleware                              34.3 kB

○  (Static)   prerendered as static content
ƒ  (Dynamic)  server-rendered on demand

# ------------------------------------------------------------------------
# exit 0 after 15899ms
