# npm run sandbox -- --seed 42 --agents 50 --actions 1000 --concurrency 25
# started 2026-08-19T12:50:50.269Z
# ------------------------------------------------------------------------
npm warn Unknown env config "store-dir". This will stop working in the next major version of npm. See `npm help npmrc` for supported config options.
npm warn Unknown project config "store-dir". This will stop working in the next major version of npm. See `npm help npmrc` for supported config options.

> safr-runtime@0.1.0 sandbox
> node --env-file-if-exists=.env --import tsx scripts/sandbox.ts --seed 42 --agents 50 --actions 1000 --concurrency 25


CERBERUS SEEDED ADVERSARIAL SANDBOX

Seed                    42
Agents                  50
Actions                 1000
Concurrency             25
Shared mandates         32 mandate(s) across 50 agents

ALLOW                   884
DENY                    52
ESCALATE                64

Policy latency (ms)
  p50                   4.28
  p95                   7.92
  p99                   17.66

Reservation latency (ms)
  p50                   8.63
  p95                   22.68
  p99                   37.35

Total duration          0.95 s
Throughput              1050.3 actions/s

Hostile proposals       139
Reservations created    270
Budget refusals         319
Velocity escalations    263
Duplicates submitted    55
  refused by policy     3
  refused at reserve    32
  retried after refusal 0
Context mismatches      32

Invariants, queried from PostgreSQL after the run

  PASS  committed spend <= mandate budget              every budget authority within 50 USDC
  PASS  one proposal, at most one live reservation     no proposal produced a second financial effect
  PASS  one reservation, at most one authorization     no reservation backs a second capability
  PASS  no capacity committed for a refused proposal   DENY and ESCALATE never reached the financial layer
  PASS  velocity ceiling held without approval         no agent exceeded 8 reservations in the window
  PASS  no proposal reserved twice across the run      55 duplicate(s) submitted; no action_id reserved more than once

Budget violations       0
Duplicate effects       0
Replay violations       0

RESULT                  PASS

  report  artifacts/final-evidence/sandbox/seed-42.json

# ------------------------------------------------------------------------
# exit 0 after 1769ms
