==============================================
CERBERUS — PHASE 2 CREDENTIAL BOUNDARY CHECK
==============================================

=== REQUIRED ENV FILES ===
.env                                OK
.env.agent                          OK
.env.authorizer                     OK
.env.executor                       OK
.env.anchor                         OK
.env.reviewer                       OK
apps/dashboard/.env.local           OK

=== PUBLIC IDENTITIES ===
EXECUTOR_WALLET_ADDRESS: SET
EXECUTION_AUTHORIZER_ADDRESS: SET
EVM_ADDRESS: SET
AUDIT_ANCHOR_ADDRESS: SET

=== SIGNER ISOLATION ===
authorization signer: PRESENT
payment signer:       PRESENT
anchor signer:        PRESENT

=== HOSTILE AGENT BOUNDARY ===
EXECUTOR_EVM_PRIVATE_KEY in agent: ABSENT
EXECUTION_AUTH_PRIVATE_KEY in agent: ABSENT
AUDIT_ANCHOR_PRIVATE_KEY in agent: ABSENT
REVIEWER_API_TOKEN in agent: ABSENT

=== EXECUTION API CREDENTIAL ===
agent token length:      39
authorizer token length: 39
execution tokens match: True
execution token valid:  True

=== REVIEWER CREDENTIAL ===
authorizer reviewer token length: 38
reviewer process token length:    38
dashboard reviewer token length:  38
reviewer tokens match: True
reviewer token valid:  True

=== DASHBOARD AUTH ===
dashboard username present: True
dashboard password length: 24
dashboard password valid:  True

==============================================
PHASE 2 CREDENTIAL BOUNDARY CHECK COMPLETE
==============================================
